<?xml version="1.0"?>
<testsuites>
  <testsuite name="Chrome 25.0 (Mac)" package="undefined" timestamp="2013-03-02T03:29:36" id="0" hostname="Gareths-MacBook-Air.local" tests="0" errors="1" failures="0" time="0">
    <properties>
      <property name="browser.fullName" value="Mozilla/5.0 (Macintosh; Intel Mac OS X 10_8_2) AppleWebKit/537.22 (KHTML, like Gecko) Chrome/25.0.1364.152 Safari/537.22"/>
    </properties>
    <system-out><![CDATA[Chrome 25.0 (Mac) ERROR
	Uncaught ReferenceError: describe is not defined
	at /Users/garethconner/Dropbox/code/HorsepowerJS/spec/PlayerSpec.js:1

]]></system-out>
    <system-err/>
  </testsuite>
</testsuites>
